src/portal/app/equipamentos/[id]/page.tsx(414,11): error TS1005: '}' expected.
